2025-08-09 19:53:00 | DEBUG | repo=fastfetch | action=edit | files=3
2025-02-24 16:06:00 | INFO | repo=fastfetch | action=pull
2025-06-14 19:02:00 | INFO | repo=fastfetch | action=commit
2025-03-18 19:03:00 | WARN | repo=fastfetch | action=commit
2025-08-17 21:25:00 | DEBUG | repo=fastfetch | action=commit
2025-09-07 07:10:00 | DEBUG | repo=fastfetch | action=commit
2025-03-14 07:43:00 | DEBUG | repo=fastfetch | action=commit
2025-06-24 16:34:00 | INFO | repo=fastfetch | action=commit
2025-03-22 09:27:00 | INFO | repo=fastfetch | action=commit
2025-05-22 21:05:00 | DEBUG | repo=fastfetch | action=commit
2025-09-25 16:50:00 | WARN | repo=fastfetch | action=commit
2025-08-13 10:06:00 | INFO | repo=fastfetch | action=commit
2025-04-16 20:26:00 | DEBUG | repo=fastfetch | action=commit
2025-07-08 19:42:00 | WARN | repo=fastfetch | action=commit
2025-01-16 13:24:00 | DEBUG | repo=fastfetch | action=commit
2025-03-18 19:20:00 | DEBUG | repo=fastfetch | action=commit
2025-05-28 12:46:00 | WARN | repo=fastfetch | action=commit
2025-12-06 16:02:00 | WARN | repo=fastfetch | action=commit
2025-12-12 07:27:00 | WARN | repo=fastfetch | action=commit
2025-02-21 20:20:00 | INFO | repo=fastfetch | action=edit | files=4
2025-07-20 19:11:00 | WARN | repo=fastfetch | action=commit
2025-07-07 18:39:00 | INFO | repo=fastfetch | action=edit | files=1
2025-03-05 15:23:00 | INFO | repo=fastfetch | action=commit
2025-01-01 09:59:00 | DEBUG | repo=fastfetch | action=edit | files=5
2025-03-19 10:48:00 | WARN | repo=fastfetch | action=commit
2025-06-09 13:43:00 | WARN | repo=fastfetch | action=edit | files=5
2025-04-12 08:34:00 | DEBUG | repo=fastfetch | action=commit
2025-09-05 07:22:00 | DEBUG | repo=fastfetch | action=edit | files=2
2025-01-25 10:14:00 | INFO | repo=fastfetch | action=commit
2025-05-26 19:10:00 | WARN | repo=fastfetch | action=commit
2025-07-05 11:42:00 | DEBUG | repo=fastfetch | action=commit
2025-04-25 08:20:00 | DEBUG | repo=fastfetch | action=commit
2025-02-05 20:30:00 | INFO | repo=fastfetch | action=pull
2025-09-09 18:39:00 | INFO | repo=fastfetch | action=commit
2025-04-14 12:47:00 | DEBUG | repo=fastfetch | action=commit
2025-08-06 18:52:00 | WARN | repo=fastfetch | action=edit | files=3
2025-01-09 08:04:00 | DEBUG | repo=fastfetch | action=commit
2025-07-16 17:50:00 | DEBUG | repo=fastfetch | action=commit
2025-12-03 20:25:00 | DEBUG | repo=fastfetch | action=test | passed=true
2025-12-03 13:13:00 | WARN | repo=fastfetch | action=pull
2025-07-07 14:58:00 | DEBUG | repo=fastfetch | action=test | passed=true
2025-08-27 14:55:00 | DEBUG | repo=fastfetch | action=commit
2025-11-08 17:41:00 | DEBUG | repo=fastfetch | action=commit
2025-09-27 16:37:00 | DEBUG | repo=fastfetch | action=commit
2025-02-01 19:16:00 | INFO | repo=fastfetch | action=commit
2025-03-20 18:12:00 | WARN | repo=fastfetch | action=commit
2025-03-05 21:53:00 | DEBUG | repo=fastfetch | action=commit
2025-08-28 17:38:00 | INFO | repo=fastfetch | action=commit
2025-09-04 09:35:00 | DEBUG | repo=fastfetch | action=commit
2025-05-14T13:41:00 | nonce=12711167188605303314
2025-03-02T19:48:00 | nonce=16157165276820151711
2025-03-07T09:50:00 | nonce=1472466977942551242
2025-01-26T20:01:00 | nonce=6918879584825191905
2025-03-13T11:49:00 | nonce=10134407983274401896
2025-08-09T13:58:00 | nonce=10436486322679484165
